
=== старт 2026-09-10 22:00:05 (Киев), sid=None ===
22:00:05 [INFO] [manual_1789066805] Открываю https://meet.google.com/zyi-woav-dme (sid=None, duration=3.0 мин)
22:00:14 [INFO] [prep] mic выключен
22:00:15 [INFO] [prep] cam выключен
22:00:15 [INFO] [manual_1789066805] Отправлены Ctrl+E и Ctrl+D (fallback)
22:00:19 [INFO] [join] Нажато (js): Подключиться также на этом устройстве
22:00:25 [INFO] [manual_1789066805] Вход: rc=0 — Вошёл через «Подключиться также на этом устройстве»
22:00:35 [INFO] [manual_1789066805] Вошёл в звонок в 22:00:35
22:00:40 [INFO] [manual_1789066805] Организатор ещё не виден, попытка 1/8
22:00:42 [INFO] [manual_1789066805] Организатор ещё не виден, попытка 2/8
22:00:44 [INFO] [manual_1789066805] Организатор ещё не виден, попытка 3/8
22:00:46 [INFO] [manual_1789066805] Организатор ещё не виден, попытка 4/8
22:00:48 [INFO] [manual_1789066805] Организатор ещё не виден, попытка 5/8
22:00:50 [INFO] [manual_1789066805] Организатор ещё не виден, попытка 6/8
22:00:52 [INFO] [manual_1789066805] Организатор ещё не виден, попытка 7/8
22:00:54 [INFO] [manual_1789066805] Организатор ещё не виден, попытка 8/8
22:00:54 [INFO] [manual_1789066805] Всего: 2, уникальных имён: 2
22:00:54 [INFO] [manual_1789066805] Организатор: не найден
22:00:54 [INFO] [manual_1789066805] Имена: Дмитрий Калмыков, Калмиков Дмитро
22:00:56 [INFO] [meet] Участников: 2 | орг: НЕТ | до конца времени: 179 с
