
=== старт 2026-09-10 22:14:20 (Киев), sid=None ===
22:14:20 [INFO] [manual_1789067660] Открываю https://meet.google.com/zyi-woav-dme (sid=None, duration=3.0 мин)
22:14:44 [INFO] [prep] mic выключен
22:14:44 [INFO] [prep] cam выключен
22:14:44 [INFO] [manual_1789067660] Отправлены Ctrl+E и Ctrl+D (fallback)
22:14:48 [INFO] [join] Нажато (js): Подключиться также на этом устройстве
22:14:50 [INFO] [manual_1789067660] Вход: rc=0 — Вошёл через «Подключиться также на этом устройстве»
22:14:53 [INFO] [post] mic выключен (js)
22:14:56 [INFO] [post] cam выключен (hotkey)
22:15:01 [INFO] [manual_1789067660] Вошёл в звонок в 22:15:01
22:15:05 [INFO] [manual_1789067660] Организатор ещё не виден, попытка 1/8
22:15:07 [INFO] [manual_1789067660] Организатор ещё не виден, попытка 2/8
22:15:09 [INFO] [manual_1789067660] Организатор ещё не виден, попытка 3/8
22:15:11 [INFO] [manual_1789067660] Организатор ещё не виден, попытка 4/8
22:15:13 [INFO] [manual_1789067660] Организатор ещё не виден, попытка 5/8
22:15:15 [INFO] [manual_1789067660] Организатор ещё не виден, попытка 6/8
22:15:17 [INFO] [manual_1789067660] Организатор ещё не виден, попытка 7/8
22:15:19 [INFO] [manual_1789067660] Организатор ещё не виден, попытка 8/8
22:15:19 [INFO] [manual_1789067660] Всего: 2, уникальных имён: 2
22:15:19 [INFO] [manual_1789067660] Организатор: не найден
22:15:19 [INFO] [manual_1789067660] Имена: Дмитрий Калмыков, Калмиков Дмитро
22:15:37 [INFO] [meet] Участников: 2 | орг: НЕТ | до конца времени: 179 с
