
=== старт 2026-09-10 20:01:53 (Киев), sid=None ===
20:01:53 [INFO] [manual_1789059712] Открываю https://meet.google.com/zyi-woav-dme (sid=None, duration=2.0 мин)
20:02:01 [INFO] [prep] mic выключен
20:02:01 [INFO] [prep] cam выключен
20:02:01 [INFO] [manual_1789059712] Отправлены Ctrl+E и Ctrl+D (fallback)
20:02:02 [INFO] [join] Нажато (role): Присоединиться
20:02:04 [INFO] [manual_1789059712] Вход: rc=0 — Вошёл через «Присоединиться»
20:02:04 [INFO] [post] mic выключен
20:02:04 [INFO] [post] cam выключен
20:02:09 [INFO] [manual_1789059712] Вошёл в звонок в 20:02:09
20:02:11 [INFO] [manual_1789059712] Всего: 2, уникальных имён: 2
20:02:11 [INFO] [manual_1789059712] Организатор: Дмитрий Калмыков
20:02:11 [INFO] [manual_1789059712] Имена: Дмитрий Калмыков, Калмиков Дмитро
20:02:11 [INFO] [manual_1789059712] Включил субтитры
20:02:26 [INFO] [meet] Участников: 2 | орг: в звонке | до конца времени: 119 с
20:02:46 [INFO] [meet] Участников: 2 | орг: в звонке | до конца времени: 99 с
20:03:06 [INFO] [meet] Участников: 2 | орг: в звонке | до конца времени: 79 с
20:03:26 [INFO] [meet] Участников: 2 | орг: в звонке | до конца времени: 59 с
20:03:46 [INFO] [meet] Участников: 2 | орг: в звонке | до конца времени: 39 с
20:04:06 [INFO] [meet] Участников: 2 | орг: в звонке | до конца времени: 19 с
20:04:26 [INFO] [meet] Участников: 2 | орг: в звонке | до конца времени: 0 с
20:04:26 [INFO] [meet] Время вышло, но организатор в звонке — жду его выхода
20:04:47 [INFO] [meet] Участников: 2 | орг: в звонке | до конца времени: 0 с
20:04:47 [INFO] [meet] Время вышло, но организатор в звонке — жду его выхода
